// Jest Snapshot v1, https://goo.gl/fbAQLP

exports[`v5 dynatrace angular components imports should migrate root imports correctly 1`] = `
"// DO NOT CHANGE THE FILETYPE TO TS - OUR SORT PLUGIN RESORTS IMPORTS AND BREAKS THE TEST OTHERWISE

import { c as c2 } from '@dynatrace/barista-components/c';
import { a } from '@dynatrace/barista-components/a';
import { b } from '@dynatrace/barista-components/b';
import { c } from '@dynatrace/barista-components/c';
import { a as a2 } from '@dynatrace/barista-components/a';
// unsorted
import { a } from '@dynatrace/barista-components/a';
import { b } from '@dynatrace/barista-components/b';
import { c } from '@dynatrace/barista-components/c';
import { a as a3 } from '@dynatrace/barista-components/a';
// primary entry-point export
import { VERSION } from '@dynatrace/barista-components/core';
// type import
import { SomeInterface } from '@dynatrace/barista-components/types';
"
`;

exports[`v5 dynatrace angular components imports should migrate root imports in .spec files 1`] = `
"import { c as c2 } from '@dynatrace/barista-components/c';
import { a } from '@dynatrace/barista-components/a';
import { b } from '@dynatrace/barista-components/b';
import { c } from '@dynatrace/barista-components/c';
import { a as a2 } from '@dynatrace/barista-components/a';"
`;
