// Jest Snapshot v1, https://goo.gl/fbAQLP

exports[`v5 dynatrace angular components imports should migrate root imports correctly 1`] = `
"@import 'normalize';
    @import 'component-toolkit';
    @import 'utils/animations';
    @import 'utils/mixin-helpers';
    @import 'utils/page-layout';

    $fonts-path: '/ruxit/cache/fonts';
    $fonts-dir: '/ruxit/cache/fonts';

    @import '~@dynatrace/barista-components/style/main';
    @import '~@dynatrace/barista-components/style/font-styles';

    html {
      /* APM-13030 */
      scroll-behavior: smooth;
    }

    body {
      /* APM-13030 */
      background-color: $BACKGROUND_COLOR_LIGHT;
    }"
`;
