// Jest Snapshot v1, https://goo.gl/fbAQLP

exports[`Update lodash and highcharts peerDependecies should update lodash and highcharts dependecies in package.json 1`] = `
"{
  \\"dependencies\\": {
    \\"lodash-es\\": \\"4.17.15\\",
    \\"highcharts\\": \\"7.2.1\\"
  },
  \\"devDependencies\\": {
    \\"some\\": \\"1.0.0\\",
    \\"@types/lodash-es\\": \\"4.17.3\\"
  }
}"
`;
